// Jest Snapshot v1, https://goo.gl/fbAQLP

exports[`FolderPicker should render 1`] = `
<div
  data-testid="data-testid Folder picker select container"
>
  <AsyncSelect
    aria-label="Select a folder"
    components={false}
    defaultOptions={true}
    defaultValue={null}
    loadOptions={[Function]}
    loadingMessage="Loading folders..."
    menuShouldPortal={true}
    onChange={[Function]}
    onInputChange={[Function]}
    tabSelectsValue={false}
    value={null}
  />
  <Modal
    isOpen={false}
    onClickBackdrop={[Function]}
    onDismiss={[Function]}
    title="New dashboard folder"
  >
    <Form
      defaultValues={
        Object {
          "folderName": "",
        }
      }
      onSubmit={[Function]}
    >
      <Component />
    </Form>
  </Modal>
</div>
`;
